../source/function.c:16:9:hexToDec	16	static
../source/function.c:26:6:read_line	40	static
../source/function.c:43:8:Check_S	24	static
../source/function.c:53:8:Check_Type	24	static
../source/function.c:64:8:Check_Hexa	24	static
../source/function.c:77:8:Check_Byte_Count	40	static
../source/function.c:92:8:Check_Sum	40	static
../source/function.c:112:8:Check_Line_Count	40	static
../source/function.c:124:8:Check_Terminate	24	static
../source/function.c:134:6:print_data	32	static
../source/function.c:170:6:UART_Init	8	static
../source/function.c:198:6:WriteDataToFlash	32	static
