C:\Users\nguye\Documents\MCUXpressoIDE_11.7.1_9221\workspace\MKL46Z4_Project\CMSIS/core_cm0plus.h:840:22:__NVIC_SetPriority	24	static
C:\Users\nguye\Documents\MCUXpressoIDE_11.7.1_9221\workspace\MKL46Z4_Project\CMSIS/core_cm0plus.h:994:26:SysTick_Config	16	static
../source/MKL46Z4_Project.c:16:6:SysTick_Handler	8	static
../source/MKL46Z4_Project.c:20:6:initSysTick	8	static
../source/MKL46Z4_Project.c:25:6:initLed	8	static
../source/MKL46Z4_Project.c:42:6:initButtons	8	static
../source/MKL46Z4_Project.c:51:6:delayMs	24	static
../source/MKL46Z4_Project.c:58:5:main	8	static
